// Jest Snapshot v1, https://goo.gl/fbAQLP

exports[`<SearchResultsPage /> should render with Header 1`] = `
<div>
  <WithStyles(Header)
    amount={0}
    handleSubmit={[Function]}
  />
  <ProductListDetailCard
    productItems={Array []}
  />
</div>
`;

exports[`<SearchResultsPage /> should render with ProductListDetailCard 1`] = `
<div>
  <WithStyles(Header)
    amount={0}
    handleSubmit={[Function]}
  />
  <ProductListDetailCard
    productItems={Array []}
  />
</div>
`;

exports[`<SearchResultsPage /> should render with no errors 1`] = `
<div>
  <WithStyles(Header)
    amount={0}
    handleSubmit={[Function]}
  />
  <ProductListDetailCard
    productItems={Array []}
  />
</div>
`;
